
Ariel@DESKTOP-KVREJNM MINGW64 ~
$ cd usuario/desktop
bash: cd: usuario/desktop: No such file or directory

Ariel@DESKTOP-KVREJNM MINGW64 ~
$ cd /desktop
bash: cd: /desktop: No such file or directory

Ariel@DESKTOP-KVREJNM MINGW64 ~
$ pwd
/c/Users/Ariel

Ariel@DESKTOP-KVREJNM MINGW64 ~
$ dir
3D\ Objects
AppData
Configuración\ local
Contacts
Cookies
Datos\ de\ programa
Desktop
Documents
Downloads
Entorno\ de\ red
Favorites
Impresoras
Links
Menú\ Inicio
MicrosoftEdgeBackups
Mis\ documentos
Music
NTUSER.DAT
NTUSER.DAT{af070c4b-8d15-11eb-9bd7-d6ce5582d47a}.TM.blf
NTUSER.DAT{af070c4b-8d15-11eb-9bd7-d6ce5582d47a}.TMContainer00000000000000000001.regtrans-ms
NTUSER.DAT{af070c4b-8d15-11eb-9bd7-d6ce5582d47a}.TMContainer00000000000000000002.regtrans-ms
Nueva\ carpeta
OneDrive
Pictures
Plantillas
Reciente
Saved\ Games
Searches
SendTo
Videos
datamc
ntuser.dat.LOG1
ntuser.dat.LOG2
ntuser.ini
opera\ autoupdate

Ariel@DESKTOP-KVREJNM MINGW64 ~
$ cd Desktop

Ariel@DESKTOP-KVREJNM MINGW64 ~/Desktop
$ ls
 0426b6cd-17e6-4ddc-b222-d98a61066178.jfif
 202181428-1-green.webp
 5000-blanco-frente.jpg
'BIAS FX 2 Application (64-bit).lnk'*
'Blackened death.mp3'
'Navegador Opera.lnk'*
'Star Wars Battlefront 2 (Classic, 2005).url'
 Zoom.lnk*
 camiseta-hombre-lisa-algorg-blanca-s.jpg
 descarga.jfif
 descargar.jfif
 desktop.ini
 eren.PNG
 musculosa-mujer-frente-blanco_new.jpg
'seed polka.txt'
'solo love changed me.mp3'

Ariel@DESKTOP-KVREJNM MINGW64 ~/Desktop
$ cd escritorio
bash: cd: escritorio: No such file or directory

Ariel@DESKTOP-KVREJNM MINGW64 ~/Desktop
$ cd desktop/escritorio
bash: cd: desktop/escritorio: No such file or directory

Ariel@DESKTOP-KVREJNM MINGW64 ~/Desktop
$ ls
 0426b6cd-17e6-4ddc-b222-d98a61066178.jfif
 202181428-1-green.webp
 5000-blanco-frente.jpg
'BIAS FX 2 Application (64-bit).lnk'*
'Blackened death.mp3'
'Navegador Opera.lnk'*
'Star Wars Battlefront 2 (Classic, 2005).url'
 Zoom.lnk*
 camiseta-hombre-lisa-algorg-blanca-s.jpg
 descarga.jfif
 descargar.jfif
 desktop.ini
 eren.PNG
 musculosa-mujer-frente-blanco_new.jpg
'seed polka.txt'
'solo love changed me.mp3'

Ariel@DESKTOP-KVREJNM MINGW64 ~/Desktop
$ cd Desktop
bash: cd: Desktop: No such file or directory

Ariel@DESKTOP-KVREJNM MINGW64 ~/Desktop
$ mkdir DH

Ariel@DESKTOP-KVREJNM MINGW64 ~/Desktop
$ cd DH

Ariel@DESKTOP-KVREJNM MINGW64 ~/Desktop/DH
$ mkdir Peliculas

Ariel@DESKTOP-KVREJNM MINGW64 ~/Desktop/DH
$ cd Peliculas

Ariel@DESKTOP-KVREJNM MINGW64 ~/Desktop/DH/Peliculas
$ mkdir Infantiles Accion Terror Comedia Romanticas

Ariel@DESKTOP-KVREJNM MINGW64 ~/Desktop/DH/Peliculas
$ ls
Accion/  Comedia/  Infantiles/  Romanticas/  Terror/

Ariel@DESKTOP-KVREJNM MINGW64 ~/Desktop/DH/Peliculas
$ cd Infantiles

Ariel@DESKTOP-KVREJNM MINGW64 ~/Desktop/DH/Peliculas/Infantiles
$ touch Intenzamente.txt

Ariel@DESKTOP-KVREJNM MINGW64 ~/Desktop/DH/Peliculas/Infantiles
$ touch "El juego del miedo.xls" "Rapido y furioso.pdf" "Titanic.jpg"

Ariel@DESKTOP-KVREJNM MINGW64 ~/Desktop/DH/Peliculas/Infantiles
$ ls
'El juego del miedo.xls'  'Rapido y furioso.pdf'
 Intenzamente.txt          Titanic.jpg

Ariel@DESKTOP-KVREJNM MINGW64 ~/Desktop/DH/Peliculas/Infantiles
$ cd Accion
bash: cd: Accion: No such file or directory

Ariel@DESKTOP-KVREJNM MINGW64 ~/Desktop/DH/Peliculas/Infantiles
$ cd ../

Ariel@DESKTOP-KVREJNM MINGW64 ~/Desktop/DH/Peliculas
$ cd Accion

Ariel@DESKTOP-KVREJNM MINGW64 ~/Desktop/DH/Peliculas/Accion
$ touch "Smooth criminal.txt" "Diario de una pasion.js" "El herxorcista.xls" "Cars.jpg"

Ariel@DESKTOP-KVREJNM MINGW64 ~/Desktop/DH/Peliculas/Accion
$ ls
 Cars.jpg                  'El herxorcista.xls'
'Diario de una pasion.js'  'Smooth criminal.txt'

Ariel@DESKTOP-KVREJNM MINGW64 ~/Desktop/DH/Peliculas/Accion
$ cd ..

Ariel@DESKTOP-KVREJNM MINGW64 ~/Desktop/DH/Peliculas
$ cd Terror

Ariel@DESKTOP-KVREJNM MINGW64 ~/Desktop/DH/Peliculas/Terror
$ touch "La dama y el vagavundo.png" "Yo antes de ti.xls" "Que paso ayer.pdf" "We will rock you.js"

Ariel@DESKTOP-KVREJNM MINGW64 ~/Desktop/DH/Peliculas/Terror
$ ls
'La dama y el vagavundo.png'  'We will rock you.js'
'Que paso ayer.pdf'           'Yo antes de ti.xls'

Ariel@DESKTOP-KVREJNM MINGW64 ~/Desktop/DH/Peliculas/Terror
$ cd ..

Ariel@DESKTOP-KVREJNM MINGW64 ~/Desktop/DH/Peliculas
$ cd comedia

Ariel@DESKTOP-KVREJNM MINGW64 ~/Desktop/DH/Peliculas/comedia
$ touch "madagaskar.js" "Orgullo y prejuicio.txt" "IT.xls" "Mision imposible.png"

Ariel@DESKTOP-KVREJNM MINGW64 ~/Desktop/DH/Peliculas/comedia
$ cd ..

Ariel@DESKTOP-KVREJNM MINGW64 ~/Desktop/DH/Peliculas
$ cd Romantica
bash: cd: Romantica: No such file or directory

Ariel@DESKTOP-KVREJNM MINGW64 ~/Desktop/DH/Peliculas
$ mv romanticas romantica

Ariel@DESKTOP-KVREJNM MINGW64 ~/Desktop/DH/Peliculas
$ cd Romantica

Ariel@DESKTOP-KVREJNM MINGW64 ~/Desktop/DH/Peliculas/Romantica
$ touch Pocahontas.jpg Annabelle.js "Los Vengadores.js" "La mascara.js"

Ariel@DESKTOP-KVREJNM MINGW64 ~/Desktop/DH/Peliculas/Romantica
$ cd ..

Ariel@DESKTOP-KVREJNM MINGW64 ~/Desktop/DH/Peliculas
$ ls -R
.:
Accion/  Comedia/  Infantiles/  Terror/  romantica/

./Accion:
 Cars.jpg                  'El herxorcista.xls'
'Diario de una pasion.js'  'Smooth criminal.txt'

./Comedia:
 IT.xls  'Mision imposible.png'  'Orgullo y prejuicio.txt'   madagaskar.js

./Infantiles:
'El juego del miedo.xls'  'Rapido y furioso.pdf'
 Intenzamente.txt          Titanic.jpg

./Terror:
'La dama y el vagavundo.png'  'We will rock you.js'
'Que paso ayer.pdf'           'Yo antes de ti.xls'

./romantica:
 Annabelle.js  'La mascara.js'  'Los Vengadores.js'   Pocahontas.jpg
