8) Administrador@JuanManuel MINGW64 ~/desktop/dh/Peliculas
$ ls -R
.:
Accion/  Comedia/  Infantiles/  Romanticas/  Terror/

./Accion:
 Cars.jpg  'Diario de una pasion.js'  'El Hexorcista.xls'  'Smooth criminal.txt'

./Comedia:
 IT.xls   Madagaskar.js  'Mision imposible.png'  'Orgullo y prejuicio.txt'

./Infantiles:
'El juego del miedo.xls'   Intenzamente.txt  'Rapido y Furioso.pdf'   Titanic.jpg

./Romanticas:
 Annabelle.js  'La mascara.js'  'Los vengadores.js'   Pocahontas.jpg

./Terror:
'La dama y el bagavundo.png'  'Que paso ayer.pdf'  'We will rock you.js'  'Yo antes de ti.xls'


9.1) Administrador@JuanManuel MINGW64 ~/desktop/dh/Peliculas
$ mkdir Infantiles Accion Terror Comedia Romanticas

9.2) Administrador@JuanManuel MINGW64 ~/desktop/dh/Peliculas/Infantiles
$ touch Intenzamente.txt "El juego del miedo".xls "Rapido y Furioso".pdf Titanic.jpg

9.3) Administrador@JuanManuel MINGW64 ~/desktop/dh
$ mkdir ./Peliculas/Romanticas/Prueba


9.4) Administrador@JuanManuel MINGW64 ~/desktop/dh/Peliculas/Romanticas
$ mkdir ../Accion/Prueba2


VSC:

2) 

Administrador@JuanManuel MINGW64 ~/Desktop/dh/Peliculas/Accion
$ mv "El Hexorcista".xls ../Terror/

Administrador@JuanManuel MINGW64 ~/Desktop/dh/Peliculas/Accion
$ mv Cars.jpg ../Infantiles/ | mv "Diario de una pasion".js ../Romanticas/

Administrador@JuanManuel MINGW64 ~/Desktop/dh/Peliculas/Accion
$ cd ../Comedia

Administrador@JuanManuel MINGW64 ~/Desktop/dh/Peliculas/Comedia
$ mv Madagaskar.js ../Infantiles/ | mv "Mision imposible".png ../Accion/ | mv "Orgullo y prejuicio".txt ../Romanticas/

Administrador@JuanManuel MINGW64 ~/Desktop/dh/Peliculas/Comedia
$ cd ../Infantiles

Administrador@JuanManuel MINGW64 ~/Desktop/dh/Peliculas/Infantiles
$ mv "El juego del miedo".xls ../Terror/ | mv "Rapido y Furioso".pdf ../Accion/ | mv Titanic.jpg ../Romanticas/

Administrador@JuanManuel MINGW64 ~/Desktop/dh/Peliculas/Infantiles
$ cd ../

Administrador@JuanManuel MINGW64 ~/Desktop/dh/Peliculas
$ cd Romanticas

Administrador@JuanManuel MINGW64 ~/Desktop/dh/Peliculas/Romanticas
$ mv Annabelle.js ../Terror/ | mv "La mascara".js ../Comedia/ | mv "Los vengadores".js ../Accion/ | mv Pocahontas.jpg ../Infantiles/

Administrador@JuanManuel MINGW64 ~/Desktop/dh/Peliculas/Romanticas
$ cd ../

Administrador@JuanManuel MINGW64 ~/Desktop/dh/Peliculas
$ cd Terror

Administrador@JuanManuel MINGW64 ~/Desktop/dh/Peliculas/Terror
$ mv "La dama y el bagavundo".png ../Infantiles/ | mv "Que paso ayer".pdf ../Comedia/ | mv "Yo antes de ti".xls ../Romanticas/

3)

Administrador@JuanManuel MINGW64 ~/Desktop/dh
$ mv ./Peliculas/Infantiles/Madagaskar.js ./Peliculas/Infantiles/Madagascar.js

Administrador@JuanManuel MINGW64 ~/Desktop/dh
$ mv ./Peliculas/Infantiles/"La dama y el bagavundo".png ./Peliculas/Infantiles/"La dama y el vagabundo".png

Administrador@JuanManuel MINGW64 ~/Desktop/dh
$ mv ./Peliculas/Terror/"El Hexorcista".xls ./Peliculas/Terror/"El exorcista".xls

4)

Administrador@JuanManuel MINGW64 ~/Desktop/dh
$ rm ./Peliculas/Accion/Smooth\ criminal.txt 

Administrador@JuanManuel MINGW64 ~/Desktop/dh
$ rm ./Peliculas/Terror/We\ will\ rock\ you.js 

5)

Administrador@JuanManuel MINGW64 ~/Desktop/dh
$ touch ./Peliculas/Accion/Prueba2/noBorrar.js

6)

Administrador@JuanManuel MINGW64 ~/Desktop/dh/Peliculas
$ mv ./Accion/Prueba2/noBorrar.js ./Romanticas/Prueba/

7)

Administrador@JuanManuel MINGW64 ~/Desktop/dh
$ touch camadax.txt

8)

Administrador@JuanManuel MINGW64 ~/Desktop/dh/Peliculas
$ mv ./Comedia/IT.xls ./Infantiles/

9)

Administrador@JuanManuel MINGW64 ~/Desktop/dh/Peliculas
$ rm ../camadax.txt 

10)

Administrador@JuanManuel MINGW64 ~/Desktop/dh/Peliculas
$ rm -r ./Romanticas/Prueba/